Raw bindings written successfully
Parsing generated bindings...
Found 5792 functions, limiting to first 1000
[10/1000] 1% - Processing: iswpunct
[20/1000] 2% - Processing: isupper
[30/1000] 3% - Processing: iscntrl
[40/1000] 4% - Processing: strstr
[50/1000] 5% - Processing: wcstok_s
[60/1000] 6% - Processing: wcspbrk
[70/1000] 7% - Processing: wcsset
[80/1000] 8% - Processing: strcat
[90/1000] 9% - Processing: strnlen
[100/1000] 10% - Processing: strnset
[110/1000] 11% - Processing: RtlDeleteFunctionTable
[120/1000] 12% - Processing: RtlPcToFileHeader
[130/1000] 13% - Processing: RtlCopyDeviceMemory
[140/1000] 14% - Processing: RtlFreeNonVolatileToken
[150/1000] 15% - Processing: RtlRaiseCustomSystemEventTrigger
[160/1000] 16% - Processing: SetEnvironmentStringsW
[170/1000] 17% - Processing: GetEnvironmentVariableA
[180/1000] 18% - Processing: SearchPathW
[190/1000] 19% - Processing: DeleteFileA
[200/1000] 20% - Processing: FindFirstFileExA
[210/1000] 21% - Processing: GetDiskFreeSpaceW
[220/1000] 22% - Processing: GetFileAttributesExW
[230/1000] 23% - Processing: GetLogicalDrives
[240/1000] 24% - Processing: LocalFileTimeToFileTime
[250/1000] 25% - Processing: SetFileAttributesA
[260/1000] 26% - Processing: WriteFileEx
[270/1000] 27% - Processing: FindNextStreamW
[280/1000] 28% - Processing: GetTempPath2A
[290/1000] 29% - Processing: CreateFileFromAppW
[300/1000] 30% - Processing: DebugBreak
[310/1000] 31% - Processing: DecodePointer
[320/1000] 32% - Processing: SetHandleInformation
[330/1000] 33% - Processing: AddVectoredContinueHandler
[340/1000] 34% - Processing: FlsSetValue
[350/1000] 35% - Processing: CreateNamedPipeW
[360/1000] 36% - Processing: HeapDestroy
[370/1000] 37% - Processing: GetProcessHeaps
[380/1000] 38% - Processing: GetOverlappedResult
[390/1000] 39% - Processing: TryAcquireSRWLockExclusive
[400/1000] 40% - Processing: InitOnceInitialize
[410/1000] 41% - Processing: ResetEvent
[420/1000] 42% - Processing: CreateEventA
[430/1000] 43% - Processing: CreateMutexExW
[440/1000] 44% - Processing: WakeByAddressSingle
[450/1000] 45% - Processing: InterlockedFlushSList
[460/1000] 46% - Processing: SwitchToThread
[470/1000] 47% - Processing: ExitThread
[480/1000] 48% - Processing: CreateProcessW
[490/1000] 49% - Processing: SetThreadStackGuarantee
[500/1000] 50% - Processing: SetProcessDynamicEnforcedCetCompatibleRanges
[510/1000] 51% - Processing: GetThreadTimes
[520/1000] 52% - Processing: GetThreadIOPendingFlag
[530/1000] 52% - Processing: GetSystemCpuSetInformation
[540/1000] 54% - Processing: SetThreadSelectedCpuSetMasks
[550/1000] 55% - Processing: IsUserCetAvailableInEnvironment
[560/1000] 56% - Processing: GetWindowsDirectoryA
[570/1000] 57% - Processing: GetLogicalProcessorInformation
[580/1000] 58% - Processing: SetComputerNameEx2W
[590/1000] 58% - Processing: GetDeveloperDriveEnablementState
[600/1000] 60% - Processing: CreateFileMappingW
[610/1000] 61% - Processing: SetProcessWorkingSetSize
[620/1000] 62% - Processing: CreateFileMappingNumaW
[630/1000] 63% - Processing: GetMemoryErrorHandlingCapabilities
[640/1000] 64% - Processing: OpenFileMappingFromApp
[650/1000] 65% - Processing: AllocateUserPhysicalPages2
[660/1000] 66% - Processing: LoadEnclaveImageW
[670/1000] 67% - Processing: DeleteTimerQueue
[680/1000] 68% - Processing: CloseThreadpoolCleanupGroup
[690/1000] 69% - Processing: SubmitThreadpoolWork
[700/1000] 70% - Processing: WaitForThreadpoolWaitCallbacks
[710/1000] 71% - Processing: CreateJobObjectW
[720/1000] 72% - Processing: Wow64DisableWow64FsRedirection
[730/1000] 73% - Processing: Wow64GetThreadContext
[740/1000] 74% - Processing: GetModuleFileNameW
[750/1000] 75% - Processing: LoadStringW
[760/1000] 76% - Processing: EnumResourceTypesExA
[770/1000] 77% - Processing: AccessCheckByTypeResultList
[780/1000] 78% - Processing: AddAce
[790/1000] 79% - Processing: AllocateLocallyUniqueId
[800/1000] 80% - Processing: CreatePrivateObjectSecurityEx
[810/1000] 81% - Processing: EqualSid
[820/1000] 82% - Processing: GetSecurityDescriptorDacl
[830/1000] 83% - Processing: GetTokenInformation
[840/1000] 84% - Processing: IsValidSecurityDescriptor
[850/1000] 85% - Processing: PrivilegeCheck
[860/1000] 86% - Processing: SetSecurityDescriptorControl
[870/1000] 87% - Processing: DeriveCapabilitySidsFromName
[880/1000] 88% - Processing: GetNumaProximityNodeEx
[890/1000] 89% - Processing: QueryUnbiasedInterruptTimePrecise
[900/1000] 90% - Processing: GlobalSize
[910/1000] 91% - Processing: GlobalUnWire
[920/1000] 92% - Processing: LocalShrink
[930/1000] 93% - Processing: FatalExit
[940/1000] 94% - Processing: DequeueUmsCompletionListItems
[950/1000] 95% - Processing: CreateUmsThreadContext
[960/1000] 96% - Processing: PowerCreateRequest
[970/1000] 97% - Processing: DeleteAtom
[980/1000] 98% - Processing: ClearCommBreak
[990/1000] 99% - Processing: PurgeComm
[1000/1000] 100% - Processing: SetTapePosition
========================================
Binding generation complete!
  Total:     1000
  Succeeded: 1000
  Failed:    0
========================================
